#-----------------------------------------------------------
# Webtalk v2019.2.1 (64-bit)
# SW Build 2729669 on Thu Dec  5 04:49:17 MST 2019
# IP Build 2729494 on Thu Dec  5 07:38:25 MST 2019
# Start of session at: Thu May 14 10:23:26 2020
# Process ID: 5800
# Current directory: C:/Users/stuff/Documents/Projects/FPGA/SCRATCH/SCRATCH.sim/sim_1/synth/timing/xsim
# Command line: wbtcv.exe -mode batch -source C:/Users/stuff/Documents/Projects/FPGA/SCRATCH/SCRATCH.sim/sim_1/synth/timing/xsim/xsim.dir/InverterMainSim_time_synth/webtalk/xsim_webtalk.tcl -notrace
# Log file: C:/Users/stuff/Documents/Projects/FPGA/SCRATCH/SCRATCH.sim/sim_1/synth/timing/xsim/webtalk.log
# Journal file: C:/Users/stuff/Documents/Projects/FPGA/SCRATCH/SCRATCH.sim/sim_1/synth/timing/xsim\webtalk.jou
#-----------------------------------------------------------
source C:/Users/stuff/Documents/Projects/FPGA/SCRATCH/SCRATCH.sim/sim_1/synth/timing/xsim/xsim.dir/InverterMainSim_time_synth/webtalk/xsim_webtalk.tcl -notrace
